[INFO] Scanning for projects...
[INFO] 
[INFO] ----------------------< com.example:ride-service >----------------------
[INFO] Building  0.0.1-SNAPSHOT
[INFO]   from pom.xml
[INFO] --------------------------------[ jar ]---------------------------------
[INFO] 
[INFO] >>> spring-boot:4.1.0:run (default-cli) > test-compile @ ride-service >>>
[INFO] 
[INFO] --- resources:3.5.0:resources (default-resources) @ ride-service ---
[INFO] Copying 1 resource from src/main/resources to target/classes
[INFO] Copying 0 resource from src/main/resources to target/classes
[INFO] 
[INFO] --- compiler:3.15.0:compile (default-compile) @ ride-service ---
[INFO] Nothing to compile - all classes are up to date.
[INFO] 
[INFO] --- resources:3.5.0:testResources (default-testResources) @ ride-service ---
[INFO] skip non existing resourceDirectory /home/ashish/Work/Deloitte-26/ride-share/ride-service/src/test/resources
[INFO] 
[INFO] --- compiler:3.15.0:testCompile (default-testCompile) @ ride-service ---
[INFO] Nothing to compile - all classes are up to date.
[INFO] 
[INFO] <<< spring-boot:4.1.0:run (default-cli) < test-compile @ ride-service <<<
[INFO] 
[INFO] 
[INFO] --- spring-boot:4.1.0:run (default-cli) @ ride-service ---
[INFO] Attaching agents: []

  .   ____          _            __ _ _
 /\\ / ___'_ __ _ _(_)_ __  __ _ \ \ \ \
( ( )\___ | '_ | '_| | '_ \/ _` | \ \ \ \
 \\/  ___)| |_)| | | | | || (_| |  ) ) ) )
  '  |____| .__|_| |_|_| |_\__, | / / / /
 =========|_|==============|___/=/_/_/_/

 :: Spring Boot ::                (v4.1.0)

2026-08-19T15:08:26.778+05:30  INFO 128571 --- [ride-service] [  restartedMain] c.e.ride_service.RideServiceApplication  : Starting RideServiceApplication using Java 26.0.2 with PID 128571 (/home/ashish/Work/Deloitte-26/ride-share/ride-service/target/classes started by ashish in /home/ashish/Work/Deloitte-26/ride-share/ride-service)
2026-08-19T15:08:26.780+05:30  INFO 128571 --- [ride-service] [  restartedMain] c.e.ride_service.RideServiceApplication  : No active profile set, falling back to 1 default profile: "default"
2026-08-19T15:08:26.815+05:30  INFO 128571 --- [ride-service] [  restartedMain] .e.DevToolsPropertyDefaultsPostProcessor : Devtools property defaults active! Set 'spring.devtools.add-properties' to 'false' to disable
2026-08-19T15:08:26.816+05:30  INFO 128571 --- [ride-service] [  restartedMain] .e.DevToolsPropertyDefaultsPostProcessor : For additional web related logging consider setting the 'logging.level.web' property to 'DEBUG'
2026-08-19T15:08:27.427+05:30  INFO 128571 --- [ride-service] [  restartedMain] .s.d.r.c.RepositoryConfigurationDelegate : Bootstrapping Spring Data JPA repositories in DEFAULT mode.
2026-08-19T15:08:27.458+05:30  INFO 128571 --- [ride-service] [  restartedMain] .s.d.r.c.RepositoryConfigurationDelegate : Finished Spring Data repository scanning in 25 ms. Found 1 JPA repository interface.
2026-08-19T15:08:27.677+05:30  INFO 128571 --- [ride-service] [  restartedMain] o.s.cloud.context.scope.GenericScope     : BeanFactory id=eb83de39-bad1-3114-8bf3-0c4758c1b265
2026-08-19T15:08:28.171+05:30  INFO 128571 --- [ride-service] [  restartedMain] o.s.boot.tomcat.TomcatWebServer          : Tomcat initialized with port 8082 (http)
2026-08-19T15:08:28.185+05:30  INFO 128571 --- [ride-service] [  restartedMain] o.apache.catalina.core.StandardService   : Starting service [Tomcat]
2026-08-19T15:08:28.185+05:30  INFO 128571 --- [ride-service] [  restartedMain] o.apache.catalina.core.StandardEngine    : Starting Servlet engine: [Apache Tomcat/11.0.22]
2026-08-19T15:08:28.212+05:30  INFO 128571 --- [ride-service] [  restartedMain] b.w.c.s.WebApplicationContextInitializer : Root WebApplicationContext: initialization completed in 1396 ms
2026-08-19T15:08:28.493+05:30  INFO 128571 --- [ride-service] [  restartedMain] com.zaxxer.hikari.HikariDataSource       : HikariPool-1 - Starting...
2026-08-19T15:08:28.620+05:30  INFO 128571 --- [ride-service] [  restartedMain] com.zaxxer.hikari.pool.HikariPool        : HikariPool-1 - Added connection conn0: url=jdbc:h2:mem:ridedb user=SA
2026-08-19T15:08:28.622+05:30  INFO 128571 --- [ride-service] [  restartedMain] com.zaxxer.hikari.HikariDataSource       : HikariPool-1 - Start completed.
2026-08-19T15:08:28.645+05:30  INFO 128571 --- [ride-service] [  restartedMain] org.hibernate.orm.jpa                    : HHH008540: Processing PersistenceUnitInfo [name: default]
2026-08-19T15:08:28.680+05:30  INFO 128571 --- [ride-service] [  restartedMain] org.hibernate.orm.core                   : HHH000001: Hibernate ORM core version 7.4.1.Final
2026-08-19T15:08:28.947+05:30  INFO 128571 --- [ride-service] [  restartedMain] o.s.o.j.p.SpringPersistenceUnitInfo      : No LoadTimeWeaver setup: ignoring JPA class transformer
2026-08-19T15:08:28.980+05:30  WARN 128571 --- [ride-service] [  restartedMain] org.hibernate.orm.deprecation            : HHH90000025: H2Dialect does not need to be specified explicitly using 'hibernate.dialect' (remove the property setting and it will be selected by default)
2026-08-19T15:08:28.993+05:30  INFO 128571 --- [ride-service] [  restartedMain] org.hibernate.orm.connections.pooling    : HHH10001005: Database info:
	Database JDBC URL [jdbc:h2:mem:ridedb]
	Database driver: H2 JDBC Driver
	Database dialect: H2Dialect
	Database version: 2.4.240
	Default catalog/schema: RIDEDB/PUBLIC
	Autocommit mode: undefined/unknown
	Isolation level: READ_COMMITTED [default READ_COMMITTED]
	JDBC fetch size: 100
	Pool: DataSourceConnectionProvider
	Minimum pool size: undefined/unknown
	Maximum pool size: undefined/unknown
2026-08-19T15:08:29.740+05:30  INFO 128571 --- [ride-service] [  restartedMain] org.hibernate.orm.core                   : HHH000489: No JTA platform available (set 'hibernate.transaction.jta.platform' to enable JTA platform integration)
2026-08-19T15:08:29.763+05:30  INFO 128571 --- [ride-service] [  restartedMain] j.LocalContainerEntityManagerFactoryBean : Initialized JPA EntityManagerFactory for persistence unit 'default'
2026-08-19T15:08:29.859+05:30  INFO 128571 --- [ride-service] [  restartedMain] o.s.d.j.r.query.QueryEnhancerFactories   : Hibernate is in classpath; If applicable, HQL parser will be used.
2026-08-19T15:08:30.002+05:30  WARN 128571 --- [ride-service] [  restartedMain] JpaBaseConfiguration$JpaWebConfiguration : spring.jpa.open-in-view is enabled by default. Therefore, database queries may be performed during view rendering. Explicitly configure spring.jpa.open-in-view to disable this warning
2026-08-19T15:08:30.701+05:30  INFO 128571 --- [ride-service] [  restartedMain] o.s.b.h.a.H2ConsoleAutoConfiguration     : H2 console available at '/h2-console'. Database available at 'jdbc:h2:mem:ridedb'
2026-08-19T15:08:31.216+05:30  INFO 128571 --- [ride-service] [  restartedMain] o.s.b.a.e.web.EndpointLinksResolver      : Exposing 1 endpoint beneath base path '/actuator'
2026-08-19T15:08:31.379+05:30  INFO 128571 --- [ride-service] [  restartedMain] o.s.boot.tomcat.TomcatWebServer          : Tomcat started on port 8082 (http) with context path '/'
2026-08-19T15:08:31.509+05:30  INFO 128571 --- [ride-service] [  restartedMain] c.e.ride_service.RideServiceApplication  : Started RideServiceApplication in 5.112 seconds (process running for 5.565)
2026-08-19T15:08:31.965+05:30  INFO 128571 --- [ride-service] [nio-8082-exec-1] o.a.c.c.C.[Tomcat].[localhost].[/]       : Initializing Spring DispatcherServlet 'dispatcherServlet'
2026-08-19T15:08:31.966+05:30  INFO 128571 --- [ride-service] [nio-8082-exec-1] o.s.web.servlet.DispatcherServlet        : Initializing Servlet 'dispatcherServlet'
2026-08-19T15:08:31.970+05:30  INFO 128571 --- [ride-service] [nio-8082-exec-1] o.s.web.servlet.DispatcherServlet        : Completed initialization in 4 ms
2026-08-19T15:10:37.239+05:30  INFO 128571 --- [ride-service] [ionShutdownHook] o.s.boot.tomcat.GracefulShutdown         : Commencing graceful shutdown. Waiting for active requests to complete
2026-08-19T15:10:37.247+05:30  INFO 128571 --- [ride-service] [tomcat-shutdown] o.s.boot.tomcat.GracefulShutdown         : Graceful shutdown complete
2026-08-19T15:10:37.270+05:30  INFO 128571 --- [ride-service] [ionShutdownHook] j.LocalContainerEntityManagerFactoryBean : Closing JPA EntityManagerFactory for persistence unit 'default'
2026-08-19T15:10:37.292+05:30  WARN 128571 --- [ride-service] [ionShutdownHook] o.s.b.f.support.DisposableBeanAdapter    : Invocation of destroy method failed on bean with name 'inMemoryDatabaseShutdownExecutor': org.h2.jdbc.JdbcSQLNonTransientConnectionException: Database is already closed (to disable automatic closing at VM shutdown, add ";DB_CLOSE_ON_EXIT=FALSE" to the db URL) [90121-240]
2026-08-19T15:10:37.295+05:30  INFO 128571 --- [ride-service] [ionShutdownHook] com.zaxxer.hikari.HikariDataSource       : HikariPool-1 - Shutdown initiated...
2026-08-19T15:10:37.300+05:30  INFO 128571 --- [ride-service] [ionShutdownHook] com.zaxxer.hikari.HikariDataSource       : HikariPool-1 - Shutdown completed.
